// Jest Snapshot v1, https://goo.gl/fbAQLP

exports[`renders app 1`] = `
<DocumentFragment>
  <div
    class="App"
  >
    <div>
      <div
        class="loader"
      >
        Loading...
      </div>
    </div>
  </div>
</DocumentFragment>
`;
